// Code generated by radius-dict-gen. DO NOT EDIT.

package main

import (
	"fbc/lib/go/radius"
)

const (
	FirstName_Type radius.Type = 200
)

func FirstName_Add(p *radius.Packet, value []byte) (err error) {
	var a radius.Attribute
	a, err = radius.NewBytes(value)
	if err != nil {
		return
	}
	p.Add(FirstName_Type, a)
	return nil
}

func FirstName_AddString(p *radius.Packet, value string) (err error) {
	var a radius.Attribute
	a, err = radius.NewString(value)
	if err != nil {
		return
	}
	p.Add(FirstName_Type, a)
	return nil
}

func FirstName_Get(p *radius.Packet) (value []byte) {
	value, _ = FirstName_Lookup(p)
	return
}

func FirstName_GetString(p *radius.Packet) (value string) {
	return string(FirstName_Get(p))
}

func FirstName_Gets(p *radius.Packet) (values [][]byte, err error) {
	var i []byte
	for _, attr := range p.Attributes[FirstName_Type] {
		i = radius.Bytes(attr)
		if err != nil {
			return
		}
		values = append(values, i)
	}
	return
}

func FirstName_GetStrings(p *radius.Packet) (values []string, err error) {
	var i string
	for _, attr := range p.Attributes[FirstName_Type] {
		i = radius.String(attr)
		if err != nil {
			return
		}
		values = append(values, i)
	}
	return
}

func FirstName_Lookup(p *radius.Packet) (value []byte, err error) {
	a, ok := p.Lookup(FirstName_Type)
	if !ok {
		err = radius.ErrNoAttribute
		return
	}
	value = radius.Bytes(a)
	return
}

func FirstName_LookupString(p *radius.Packet) (value string, err error) {
	a, ok := p.Lookup(FirstName_Type)
	if !ok {
		err = radius.ErrNoAttribute
		return
	}
	value = radius.String(a)
	return
}

func FirstName_Set(p *radius.Packet, value []byte) (err error) {
	var a radius.Attribute
	a, err = radius.NewBytes(value)
	if err != nil {
		return
	}
	p.Set(FirstName_Type, a)
	return
}

func FirstName_SetString(p *radius.Packet, value string) (err error) {
	var a radius.Attribute
	a, err = radius.NewString(value)
	if err != nil {
		return
	}
	p.Set(FirstName_Type, a)
	return
}
